[backblue.gif]
[fade.gif]
[index.html]
[crsorgiv.netlify.app/index5bea.html]
[crsorgiv.netlify.app/crsorgi.gov.in/web/index.php/auth/birthcertificate/view/cert/b/zgtdzlznt1y4wkzgbxn6a25mm1v5zz09==.html]
[crsorgiv.netlify.app/crsorgi.gov.in/web/css/style.css]
[crsorgiv.netlify.app/crsorgi.gov.in/web/css/default.css]
[crsorgiv.netlify.app/crsorgi.gov.in/web/css/main.css]
[crsorgiv.netlify.app/crsorgi.gov.in/web/css/jquery-ui-1.10.0.custom.css]
[crsorgiv.netlify.app/crsorgi.gov.in/web/js/mm_menu.js]
[crsorgiv.netlify.app/crsorgi.gov.in/web/js/jquery-1.9.0.js]
[crsorgiv.netlify.app/crsorgi.gov.in/web/js/jquery-ui-1.10.0.custom.js]
[crsorgiv.netlify.app/crsorgi.gov.in/web/js/json_parse.js]
[crsorgiv.netlify.app/crsorgi.gov.in/web/js/jquery.ui.core.js]
[crsorgiv.netlify.app/crsorgi.gov.in/web/images/logo-top.jpg]
[crsorgiv.netlify.app/crsorgi.gov.in/web/images/emb-forms.gif]
[crsorgiv.netlify.app/crsorgi.gov.in/web/images/efa1c4408f745dcb5c8932db2e6bbbd55a10f292.png]
[crsorgiv.netlify.app/crsorgi.gov.in/web/images/certificate-logo.gif]
[crsorgiv.netlify.app/crsorgi.gov.in/web/index.php/auth/birthcertificate/view/cert/b/zgtdzlznt1y4wkzgbxn6a25mm1v5zz09==.html]
[crsorgiv.netlify.app/crsorgi.gov.in/web/images/header-top-strip.jpg]
[crsorgiv.netlify.app/crsorgi.gov.in/web/images/herader-right-bg.jpg]
[crsorgiv.netlify.app/crsorgi.gov.in/web/images/top-menu-bg.jpg]
[crsorgiv.netlify.app/crsorgi.gov.in/web/images/top-title-strip.jpg]
[crsorgiv.netlify.app/crsorgi.gov.in/web/images/doted-bull.gif]
[crsorgiv.netlify.app/crsorgi.gov.in/web/images/none-bull.gif]
[crsorgiv.netlify.app/crsorgi.gov.in/web/images/welcome-strip-bg.jpg]
[crsorgiv.netlify.app/crsorgi.gov.in/web/images/form-title-strip.jpg]
[crsorgiv.netlify.app/crsorgi.gov.in/web/images/water-mark.gif]
[crsorgiv.netlify.app/crsorgi.gov.in/web/images/busy.gif]
[crsorgiv.netlify.app/crsorgi.gov.in/web/images/cla-edit.jpg]
[crsorgiv.netlify.app/crsorgi.gov.in/web/css/style.css]
[crsorgiv.netlify.app/crsorgi.gov.in/web/css/default.css]
[crsorgiv.netlify.app/crsorgi.gov.in/web/images/btn-bg.gif]
[crsorgiv.netlify.app/crsorgi.gov.in/web/images/refresh1.png]
[crsorgiv.netlify.app/crsorgi.gov.in/web/images/tooltip-arrow.gif]
[crsorgiv.netlify.app/crsorgi.gov.in/web/images/submit-btn.jpg]
[crsorgiv.netlify.app/crsorgi.gov.in/web/css/main.css]
[crsorgiv.netlify.app/crsorgi.gov.in/web/css/jquery.ui.all.css]
[crsorgiv.netlify.app/crsorgi.gov.in/web/css/jquery-ui-1.10.0.custom.css]
[crsorgiv.netlify.app/crsorgi.gov.in/web/css/jquery.ui.theme.css]
[crsorgiv.netlify.app/crsorgi.gov.in/web/css/jquery.ui.button.css]
[crsorgiv.netlify.app/crsorgi.gov.in/web/css/jquery.ui.base.css]
[crsorgiv.netlify.app/crsorgi.gov.in/web/css/jquery.ui.datepicker.css]
[crsorgiv.netlify.app/crsorgi.gov.in/web/images/ui-icons_222222_256x240.png]
[crsorgiv.netlify.app/crsorgi.gov.in/web/images/ui-icons_888888_256x240.png]
[crsorgiv.netlify.app/crsorgi.gov.in/web/images/ui-icons_454545_256x240.png]
[crsorgiv.netlify.app/crsorgi.gov.in/web/images/ui-icons_2e83ff_256x240.png]
[crsorgiv.netlify.app/crsorgi.gov.in/web/images/ui-icons_cd0a0a_256x240.png]
[crsorgiv.netlify.app/crsorgi.gov.in/web/images/ui-bg_flat_0_aaaaaa_40x100.png]
[crsorgiv.netlify.app/crsorgi.gov.in/web/css/jquery.ui.theme.css]
[crsorgiv.netlify.app/crsorgi.gov.in/web/css/jquery.ui.button.css]
[crsorgiv.netlify.app/crsorgi.gov.in/web/css/jquery.ui.datepicker.css]
